MPLINK 5.08, LINKER
Linker Map File - Created Thu Mar 11 17:26:48 2021

                                 Section Info
                  Section       Type    Address   Location Size(Bytes)
                ---------  ---------  ---------  ---------  ---------
                   .org_0       code   0x000000    program   0x0000bc
                   .cinit    romdata   0x00005e    program   0x000004
.config_2007_BUILD/DEFAULT/PRODUCTION/PRINCIP       code   0x002007    program   0x000002



                              Program Memory Usage 
                               Start         End      
                           ---------   ---------      
                            0x000000    0x00005f      
                            0x002007    0x002007      
            97 out of 8454 program addresses used, program memory utilization is 1%



                              Symbols - Sorted by Name
                     Name    Address   Location    Storage File                     
                ---------  ---------  ---------  --------- ---------                
                      ADC   0x000013    program     static C:\Users\alexg\Documents\Landivar\Vespertina\2021\Arqui II\Assembler\ADC.X\PrincipalProgram.asm
                    BUCLE   0x000047    program     static C:\Users\alexg\Documents\Landivar\Vespertina\2021\Arqui II\Assembler\ADC.X\Delay.inc
              BUCLE_milis   0x000034    program     static C:\Users\alexg\Documents\Landivar\Vespertina\2021\Arqui II\Assembler\ADC.X\Delay.inc
                    Bucle   0x000059    program     static C:\Users\alexg\Documents\Landivar\Vespertina\2021\Arqui II\Assembler\ADC.X\Delay.inc
                   INICIO   0x000001    program     static C:\Users\alexg\Documents\Landivar\Vespertina\2021\Arqui II\Assembler\ADC.X\PrincipalProgram.asm
            Retardo_100us   0x00004c    program     static C:\Users\alexg\Documents\Landivar\Vespertina\2021\Arqui II\Assembler\ADC.X\Delay.inc
             Retardo_10us   0x000053    program     static C:\Users\alexg\Documents\Landivar\Vespertina\2021\Arqui II\Assembler\ADC.X\Delay.inc
              Retardo_1ms   0x00003a    program     static C:\Users\alexg\Documents\Landivar\Vespertina\2021\Arqui II\Assembler\ADC.X\Delay.inc
              Retardo_1us   0x00005c    program     static C:\Users\alexg\Documents\Landivar\Vespertina\2021\Arqui II\Assembler\ADC.X\Delay.inc
            Retardo_200us   0x00003f    program     static C:\Users\alexg\Documents\Landivar\Vespertina\2021\Arqui II\Assembler\ADC.X\Delay.inc
             Retardo_20ms   0x00002d    program     static C:\Users\alexg\Documents\Landivar\Vespertina\2021\Arqui II\Assembler\ADC.X\Delay.inc
             Retardo_20us   0x000051    program     static C:\Users\alexg\Documents\Landivar\Vespertina\2021\Arqui II\Assembler\ADC.X\Delay.inc
            Retardo_300us   0x000041    program     static C:\Users\alexg\Documents\Landivar\Vespertina\2021\Arqui II\Assembler\ADC.X\Delay.inc
            Retardo_400ms   0x000018    program     static C:\Users\alexg\Documents\Landivar\Vespertina\2021\Arqui II\Assembler\ADC.X\Delay.inc
            Retardo_500us   0x000043    program     static C:\Users\alexg\Documents\Landivar\Vespertina\2021\Arqui II\Assembler\ADC.X\Delay.inc
             Retardo_50us   0x00004f    program     static C:\Users\alexg\Documents\Landivar\Vespertina\2021\Arqui II\Assembler\ADC.X\Delay.inc
              Retardo_5ms   0x00002f    program     static C:\Users\alexg\Documents\Landivar\Vespertina\2021\Arqui II\Assembler\ADC.X\Delay.inc
              Retardo_5us   0x000056    program     static C:\Users\alexg\Documents\Landivar\Vespertina\2021\Arqui II\Assembler\ADC.X\Delay.inc
           Retardo_Micros   0x000045    program     static C:\Users\alexg\Documents\Landivar\Vespertina\2021\Arqui II\Assembler\ADC.X\Delay.inc
            Retardo_Milis   0x000032    program     static C:\Users\alexg\Documents\Landivar\Vespertina\2021\Arqui II\Assembler\ADC.X\Delay.inc
           Retardo_micros   0x000058    program     static C:\Users\alexg\Documents\Landivar\Vespertina\2021\Arqui II\Assembler\ADC.X\Delay.inc
                 Retardos   0x000044    program     static C:\Users\alexg\Documents\Landivar\Vespertina\2021\Arqui II\Assembler\ADC.X\Delay.inc
              Retardos_ms   0x000031    program     static C:\Users\alexg\Documents\Landivar\Vespertina\2021\Arqui II\Assembler\ADC.X\Delay.inc
                    START   0x000012    program     static C:\Users\alexg\Documents\Landivar\Vespertina\2021\Arqui II\Assembler\ADC.X\PrincipalProgram.asm



                              Symbols - Sorted by Address
                     Name    Address   Location    Storage File                     
                ---------  ---------  ---------  --------- ---------                
                   INICIO   0x000001    program     static C:\Users\alexg\Documents\Landivar\Vespertina\2021\Arqui II\Assembler\ADC.X\PrincipalProgram.asm
                    START   0x000012    program     static C:\Users\alexg\Documents\Landivar\Vespertina\2021\Arqui II\Assembler\ADC.X\PrincipalProgram.asm
                      ADC   0x000013    program     static C:\Users\alexg\Documents\Landivar\Vespertina\2021\Arqui II\Assembler\ADC.X\PrincipalProgram.asm
            Retardo_400ms   0x000018    program     static C:\Users\alexg\Documents\Landivar\Vespertina\2021\Arqui II\Assembler\ADC.X\Delay.inc
             Retardo_20ms   0x00002d    program     static C:\Users\alexg\Documents\Landivar\Vespertina\2021\Arqui II\Assembler\ADC.X\Delay.inc
              Retardo_5ms   0x00002f    program     static C:\Users\alexg\Documents\Landivar\Vespertina\2021\Arqui II\Assembler\ADC.X\Delay.inc
              Retardos_ms   0x000031    program     static C:\Users\alexg\Documents\Landivar\Vespertina\2021\Arqui II\Assembler\ADC.X\Delay.inc
            Retardo_Milis   0x000032    program     static C:\Users\alexg\Documents\Landivar\Vespertina\2021\Arqui II\Assembler\ADC.X\Delay.inc
              BUCLE_milis   0x000034    program     static C:\Users\alexg\Documents\Landivar\Vespertina\2021\Arqui II\Assembler\ADC.X\Delay.inc
              Retardo_1ms   0x00003a    program     static C:\Users\alexg\Documents\Landivar\Vespertina\2021\Arqui II\Assembler\ADC.X\Delay.inc
            Retardo_200us   0x00003f    program     static C:\Users\alexg\Documents\Landivar\Vespertina\2021\Arqui II\Assembler\ADC.X\Delay.inc
            Retardo_300us   0x000041    program     static C:\Users\alexg\Documents\Landivar\Vespertina\2021\Arqui II\Assembler\ADC.X\Delay.inc
            Retardo_500us   0x000043    program     static C:\Users\alexg\Documents\Landivar\Vespertina\2021\Arqui II\Assembler\ADC.X\Delay.inc
                 Retardos   0x000044    program     static C:\Users\alexg\Documents\Landivar\Vespertina\2021\Arqui II\Assembler\ADC.X\Delay.inc
           Retardo_Micros   0x000045    program     static C:\Users\alexg\Documents\Landivar\Vespertina\2021\Arqui II\Assembler\ADC.X\Delay.inc
                    BUCLE   0x000047    program     static C:\Users\alexg\Documents\Landivar\Vespertina\2021\Arqui II\Assembler\ADC.X\Delay.inc
            Retardo_100us   0x00004c    program     static C:\Users\alexg\Documents\Landivar\Vespertina\2021\Arqui II\Assembler\ADC.X\Delay.inc
             Retardo_50us   0x00004f    program     static C:\Users\alexg\Documents\Landivar\Vespertina\2021\Arqui II\Assembler\ADC.X\Delay.inc
             Retardo_20us   0x000051    program     static C:\Users\alexg\Documents\Landivar\Vespertina\2021\Arqui II\Assembler\ADC.X\Delay.inc
             Retardo_10us   0x000053    program     static C:\Users\alexg\Documents\Landivar\Vespertina\2021\Arqui II\Assembler\ADC.X\Delay.inc
              Retardo_5us   0x000056    program     static C:\Users\alexg\Documents\Landivar\Vespertina\2021\Arqui II\Assembler\ADC.X\Delay.inc
           Retardo_micros   0x000058    program     static C:\Users\alexg\Documents\Landivar\Vespertina\2021\Arqui II\Assembler\ADC.X\Delay.inc
                    Bucle   0x000059    program     static C:\Users\alexg\Documents\Landivar\Vespertina\2021\Arqui II\Assembler\ADC.X\Delay.inc
              Retardo_1us   0x00005c    program     static C:\Users\alexg\Documents\Landivar\Vespertina\2021\Arqui II\Assembler\ADC.X\Delay.inc


